Using launch settings from C:\Users\kidusam\Desktop\dev\BookShelf\Properties\launchSettings.json...
info: Microsoft.EntityFrameworkCore.Database.Command[20101]
      Executed DbCommand (9ms) [Parameters=[], CommandType='Text', CommandTimeout='30']
      SELECT EXISTS (
          SELECT 1
          FROM "Users" AS "u")
info: BookShelf.Services.DatabaseSeeder[0]
      Database already seeded. Skipping seed.
info: Microsoft.Hosting.Lifetime[14]
      Now listening on: http://localhost:5261
info: Microsoft.Hosting.Lifetime[0]
      Application started. Press Ctrl+C to shut down.
info: Microsoft.Hosting.Lifetime[0]
      Hosting environment: Development
info: Microsoft.Hosting.Lifetime[0]
      Content root path: C:\Users\kidusam\Desktop\dev\BookShelf
warn: Microsoft.AspNetCore.HttpsPolicy.HttpsRedirectionMiddleware[3]
      Failed to determine the https port for redirect.
info: Microsoft.EntityFrameworkCore.Database.Command[20101]
      Executed DbCommand (3ms) [Parameters=[@model_Email='?' (Size = 17)], CommandType='Text', CommandTimeout='30']
      SELECT "u"."Id", "u"."CreatedAt", "u"."Email", "u"."FullName", "u"."PasswordHash", "u"."RoleId", "u"."UpdatedAt", "r"."Id", "r"."Name", "a"."Id", "a"."AppliedAt", "a"."ApprovedAt", "a"."ApprovedByAdminId", "a"."Bio", "a"."PenName", "a"."Status", "a"."UserId"
      FROM "Users" AS "u"
      INNER JOIN "Roles" AS "r" ON "u"."RoleId" = "r"."Id"
      LEFT JOIN "AuthorProfiles" AS "a" ON "u"."Id" = "a"."UserId"
      WHERE "u"."Email" = @model_Email
      LIMIT 1
info: BookShelf.Controllers.AccountController[0]
      User bob@example.local signed in (role=Customer); redirecting to Home/Customer
info: Microsoft.EntityFrameworkCore.Database.Command[20101]
      Executed DbCommand (0ms) [Parameters=[@model_Email='?' (Size = 19)], CommandType='Text', CommandTimeout='30']
      SELECT "u"."Id", "u"."CreatedAt", "u"."Email", "u"."FullName", "u"."PasswordHash", "u"."RoleId", "u"."UpdatedAt", "r"."Id", "r"."Name", "a"."Id", "a"."AppliedAt", "a"."ApprovedAt", "a"."ApprovedByAdminId", "a"."Bio", "a"."PenName", "a"."Status", "a"."UserId"
      FROM "Users" AS "u"
      INNER JOIN "Roles" AS "r" ON "u"."RoleId" = "r"."Id"
      LEFT JOIN "AuthorProfiles" AS "a" ON "u"."Id" = "a"."UserId"
      WHERE "u"."Email" = @model_Email
      LIMIT 1
info: BookShelf.Controllers.AccountController[0]
      User carol@example.local signed in (role=Customer); redirecting to Home/Author
info: Microsoft.EntityFrameworkCore.Database.Command[20101]
      Executed DbCommand (0ms) [Parameters=[@model_Email='?' (Size = 21)], CommandType='Text', CommandTimeout='30']
      SELECT "u"."Id", "u"."CreatedAt", "u"."Email", "u"."FullName", "u"."PasswordHash", "u"."RoleId", "u"."UpdatedAt", "r"."Id", "r"."Name", "a"."Id", "a"."AppliedAt", "a"."ApprovedAt", "a"."ApprovedByAdminId", "a"."Bio", "a"."PenName", "a"."Status", "a"."UserId"
      FROM "Users" AS "u"
      INNER JOIN "Roles" AS "r" ON "u"."RoleId" = "r"."Id"
      LEFT JOIN "AuthorProfiles" AS "a" ON "u"."Id" = "a"."UserId"
      WHERE "u"."Email" = @model_Email
      LIMIT 1
info: BookShelf.Controllers.AccountController[0]
      User admin@bookshelf.local signed in (role=Admin); redirecting to Home/Admin
info: Microsoft.EntityFrameworkCore.Database.Command[20101]
      Executed DbCommand (0ms) [Parameters=[@model_Email='?' (Size = 20)], CommandType='Text', CommandTimeout='30']
      SELECT "u"."Id", "u"."CreatedAt", "u"."Email", "u"."FullName", "u"."PasswordHash", "u"."RoleId", "u"."UpdatedAt", "r"."Id", "r"."Name", "a"."Id", "a"."AppliedAt", "a"."ApprovedAt", "a"."ApprovedByAdminId", "a"."Bio", "a"."PenName", "a"."Status", "a"."UserId"
      FROM "Users" AS "u"
      INNER JOIN "Roles" AS "r" ON "u"."RoleId" = "r"."Id"
      LEFT JOIN "AuthorProfiles" AS "a" ON "u"."Id" = "a"."UserId"
      WHERE "u"."Email" = @model_Email
      LIMIT 1
info: BookShelf.Controllers.AccountController[0]
      User dave@bookshelf.local signed in (role=Staff); redirecting to Home/Admin
